// Jest Snapshot v1, https://goo.gl/fbAQLP

exports[`_getSubtreeCommitList it returns a list of commits with metadata 1`] = `
"----node
47b65c76f24ae1897b7f54dca6a2d210caf78ec5
----p1node
c42dae43c973a141cf0f15d9bcb6f32093e1c1d2
----current
----phase
draft
----file_adds
----file_copies
----file_dels
----file_mods
files/file.txt
----node
6cc8d78c03a1ec393229a4d93fd013ca68baf2d7
----p1node
47b65c76f24ae1897b7f54dca6a2d210caf78ec5
----current
----phase
draft
----file_adds
----file_copies
----file_dels
----file_mods
files/file.txt
----node
19e0c8a7e1c0ff0099e0c642ea99cdba36e36923
----p1node
47b65c76f24ae1897b7f54dca6a2d210caf78ec5
----current
1
----phase
draft
----file_adds
----file_copies
----file_dels
----file_mods
files/file.txt
----node
260b695f01aa8d351bcda32830c174d8550cbfa1
----p1node
19e0c8a7e1c0ff0099e0c642ea99cdba36e36923
----current
----phase
draft
----file_adds
----file_copies
----file_dels
----file_mods
files/file.txt
----node
c42dae43c973a141cf0f15d9bcb6f32093e1c1d2
----p1node
bf2cf6e87a72ec7062e38e695bfb1151a4f63a9e
----current
----phase
public
----file_adds
files/file.txt
----file_copies
----file_dels
----file_mods
"
`;

exports[`_parseSubtreeCommitList it returns a set of commits 1`] = `
Set {
  Object {
    "addedFiles": Set {},
    "copiedFiles": Set {},
    "deletedFiles": Set {},
    "hash": "47b65c76f24ae1897b7f54dca6a2d210caf78ec5",
    "isCurrentRevision": false,
    "modifiedFiles": Set {
      "files/file.txt",
    },
    "parentHash": "c42dae43c973a141cf0f15d9bcb6f32093e1c1d2",
    "phase": "draft",
  },
  Object {
    "addedFiles": Set {},
    "copiedFiles": Set {},
    "deletedFiles": Set {},
    "hash": "6cc8d78c03a1ec393229a4d93fd013ca68baf2d7",
    "isCurrentRevision": false,
    "modifiedFiles": Set {
      "files/file.txt",
    },
    "parentHash": "47b65c76f24ae1897b7f54dca6a2d210caf78ec5",
    "phase": "draft",
  },
  Object {
    "addedFiles": Set {},
    "copiedFiles": Set {},
    "deletedFiles": Set {},
    "hash": "19e0c8a7e1c0ff0099e0c642ea99cdba36e36923",
    "isCurrentRevision": true,
    "modifiedFiles": Set {
      "files/file.txt",
    },
    "parentHash": "47b65c76f24ae1897b7f54dca6a2d210caf78ec5",
    "phase": "draft",
  },
  Object {
    "addedFiles": Set {},
    "copiedFiles": Set {},
    "deletedFiles": Set {},
    "hash": "260b695f01aa8d351bcda32830c174d8550cbfa1",
    "isCurrentRevision": false,
    "modifiedFiles": Set {
      "files/file.txt",
    },
    "parentHash": "19e0c8a7e1c0ff0099e0c642ea99cdba36e36923",
    "phase": "draft",
  },
  Object {
    "addedFiles": Set {
      "files/file.txt",
    },
    "copiedFiles": Set {},
    "deletedFiles": Set {},
    "hash": "c42dae43c973a141cf0f15d9bcb6f32093e1c1d2",
    "isCurrentRevision": false,
    "modifiedFiles": Set {},
    "parentHash": "bf2cf6e87a72ec7062e38e695bfb1151a4f63a9e",
    "phase": "public",
  },
}
`;

exports[`getCurrentRevisionHash it returns the current revision hash 1`] = `"19e0c8a7e1c0ff0099e0c642ea99cdba36e36923"`;

exports[`getMergeBaseHash it returns the current revision hash 1`] = `"c42dae43c973a141cf0f15d9bcb6f32093e1c1d2"`;
